Copyright 1986-2019 Xilinx, Inc. All Rights Reserved.
-----------------------------------------------------------------------------------------------------------------------------------------------
| Tool Version : Vivado v.2019.2 (lin64) Build 2708876 Wed Nov  6 21:39:14 MST 2019
| Date         : Tue Mar 26 14:57:03 2024
| Host         : ee-beholder1 running 64-bit Red Hat Enterprise Linux 9.3 (Plow)
| Command      : report_methodology -file top_methodology_drc_routed.rpt -pb top_methodology_drc_routed.pb -rpx top_methodology_drc_routed.rpx
| Design       : top
| Device       : xcu280-fsvh2892-2L-e
| Speed File   : -2L
| Design State : Fully Routed
-----------------------------------------------------------------------------------------------------------------------------------------------

Report Methodology

Table of Contents
-----------------
1. REPORT SUMMARY
2. REPORT DETAILS

1. REPORT SUMMARY
-----------------
            Netlist: netlist
          Floorplan: design_1
      Design limits: <entire design considered>
             Max violations: <unlimited>
             Violations found: 327
+-----------+----------+-------------------------------+------------+
| Rule      | Severity | Description                   | Violations |
+-----------+----------+-------------------------------+------------+
| SYNTH-10  | Warning  | Wide multiplier               | 64         |
| TIMING-18 | Warning  | Missing input or output delay | 263        |
+-----------+----------+-------------------------------+------------+

2. REPORT DETAILS
-----------------
SYNTH-10#1 Warning
Wide multiplier  
Detected multiplier at llm_int/high_precision_linear/linear[0].fdp_inst/fixed_vector_mult_inst/parallel_mult[0].fixed_mult_inst/product of size 15x18, it is decomposed from a wide multipler into 4 DSP blocks.
Related violations: <none>

SYNTH-10#2 Warning
Wide multiplier  
Detected multiplier at llm_int/high_precision_linear/linear[0].fdp_inst/fixed_vector_mult_inst/parallel_mult[0].fixed_mult_inst/product__0 of size 15x15, it is decomposed from a wide multipler into 4 DSP blocks.
Related violations: <none>

SYNTH-10#3 Warning
Wide multiplier  
Detected multiplier at llm_int/high_precision_linear/linear[0].fdp_inst/fixed_vector_mult_inst/parallel_mult[0].fixed_mult_inst/product__1 of size 18x18, it is decomposed from a wide multipler into 4 DSP blocks.
Related violations: <none>

SYNTH-10#4 Warning
Wide multiplier  
Detected multiplier at llm_int/high_precision_linear/linear[0].fdp_inst/fixed_vector_mult_inst/parallel_mult[0].fixed_mult_inst/product__2 of size 18x15, it is decomposed from a wide multipler into 4 DSP blocks.
Related violations: <none>

SYNTH-10#5 Warning
Wide multiplier  
Detected multiplier at llm_int/high_precision_linear/linear[0].fdp_inst/fixed_vector_mult_inst/parallel_mult[1].fixed_mult_inst/product of size 15x18, it is decomposed from a wide multipler into 4 DSP blocks.
Related violations: <none>

SYNTH-10#6 Warning
Wide multiplier  
Detected multiplier at llm_int/high_precision_linear/linear[0].fdp_inst/fixed_vector_mult_inst/parallel_mult[1].fixed_mult_inst/product__0 of size 15x15, it is decomposed from a wide multipler into 4 DSP blocks.
Related violations: <none>

SYNTH-10#7 Warning
Wide multiplier  
Detected multiplier at llm_int/high_precision_linear/linear[0].fdp_inst/fixed_vector_mult_inst/parallel_mult[1].fixed_mult_inst/product__1 of size 18x18, it is decomposed from a wide multipler into 4 DSP blocks.
Related violations: <none>

SYNTH-10#8 Warning
Wide multiplier  
Detected multiplier at llm_int/high_precision_linear/linear[0].fdp_inst/fixed_vector_mult_inst/parallel_mult[1].fixed_mult_inst/product__2 of size 18x15, it is decomposed from a wide multipler into 4 DSP blocks.
Related violations: <none>

SYNTH-10#9 Warning
Wide multiplier  
Detected multiplier at llm_int/high_precision_linear/linear[0].fdp_inst/fixed_vector_mult_inst/parallel_mult[2].fixed_mult_inst/product of size 15x18, it is decomposed from a wide multipler into 4 DSP blocks.
Related violations: <none>

SYNTH-10#10 Warning
Wide multiplier  
Detected multiplier at llm_int/high_precision_linear/linear[0].fdp_inst/fixed_vector_mult_inst/parallel_mult[2].fixed_mult_inst/product__0 of size 15x15, it is decomposed from a wide multipler into 4 DSP blocks.
Related violations: <none>

SYNTH-10#11 Warning
Wide multiplier  
Detected multiplier at llm_int/high_precision_linear/linear[0].fdp_inst/fixed_vector_mult_inst/parallel_mult[2].fixed_mult_inst/product__1 of size 18x18, it is decomposed from a wide multipler into 4 DSP blocks.
Related violations: <none>

SYNTH-10#12 Warning
Wide multiplier  
Detected multiplier at llm_int/high_precision_linear/linear[0].fdp_inst/fixed_vector_mult_inst/parallel_mult[2].fixed_mult_inst/product__2 of size 18x15, it is decomposed from a wide multipler into 4 DSP blocks.
Related violations: <none>

SYNTH-10#13 Warning
Wide multiplier  
Detected multiplier at llm_int/high_precision_linear/linear[0].fdp_inst/fixed_vector_mult_inst/parallel_mult[3].fixed_mult_inst/product of size 15x18, it is decomposed from a wide multipler into 4 DSP blocks.
Related violations: <none>

SYNTH-10#14 Warning
Wide multiplier  
Detected multiplier at llm_int/high_precision_linear/linear[0].fdp_inst/fixed_vector_mult_inst/parallel_mult[3].fixed_mult_inst/product__0 of size 15x15, it is decomposed from a wide multipler into 4 DSP blocks.
Related violations: <none>

SYNTH-10#15 Warning
Wide multiplier  
Detected multiplier at llm_int/high_precision_linear/linear[0].fdp_inst/fixed_vector_mult_inst/parallel_mult[3].fixed_mult_inst/product__1 of size 18x18, it is decomposed from a wide multipler into 4 DSP blocks.
Related violations: <none>

SYNTH-10#16 Warning
Wide multiplier  
Detected multiplier at llm_int/high_precision_linear/linear[0].fdp_inst/fixed_vector_mult_inst/parallel_mult[3].fixed_mult_inst/product__2 of size 18x15, it is decomposed from a wide multipler into 4 DSP blocks.
Related violations: <none>

SYNTH-10#17 Warning
Wide multiplier  
Detected multiplier at llm_int/high_precision_linear/linear[1].fdp_inst/fixed_vector_mult_inst/parallel_mult[0].fixed_mult_inst/product of size 15x18, it is decomposed from a wide multipler into 4 DSP blocks.
Related violations: <none>

SYNTH-10#18 Warning
Wide multiplier  
Detected multiplier at llm_int/high_precision_linear/linear[1].fdp_inst/fixed_vector_mult_inst/parallel_mult[0].fixed_mult_inst/product__0 of size 15x15, it is decomposed from a wide multipler into 4 DSP blocks.
Related violations: <none>

SYNTH-10#19 Warning
Wide multiplier  
Detected multiplier at llm_int/high_precision_linear/linear[1].fdp_inst/fixed_vector_mult_inst/parallel_mult[0].fixed_mult_inst/product__1 of size 18x18, it is decomposed from a wide multipler into 4 DSP blocks.
Related violations: <none>

SYNTH-10#20 Warning
Wide multiplier  
Detected multiplier at llm_int/high_precision_linear/linear[1].fdp_inst/fixed_vector_mult_inst/parallel_mult[0].fixed_mult_inst/product__2 of size 18x15, it is decomposed from a wide multipler into 4 DSP blocks.
Related violations: <none>

SYNTH-10#21 Warning
Wide multiplier  
Detected multiplier at llm_int/high_precision_linear/linear[1].fdp_inst/fixed_vector_mult_inst/parallel_mult[1].fixed_mult_inst/product of size 15x18, it is decomposed from a wide multipler into 4 DSP blocks.
Related violations: <none>

SYNTH-10#22 Warning
Wide multiplier  
Detected multiplier at llm_int/high_precision_linear/linear[1].fdp_inst/fixed_vector_mult_inst/parallel_mult[1].fixed_mult_inst/product__0 of size 15x15, it is decomposed from a wide multipler into 4 DSP blocks.
Related violations: <none>

SYNTH-10#23 Warning
Wide multiplier  
Detected multiplier at llm_int/high_precision_linear/linear[1].fdp_inst/fixed_vector_mult_inst/parallel_mult[1].fixed_mult_inst/product__1 of size 18x18, it is decomposed from a wide multipler into 4 DSP blocks.
Related violations: <none>

SYNTH-10#24 Warning
Wide multiplier  
Detected multiplier at llm_int/high_precision_linear/linear[1].fdp_inst/fixed_vector_mult_inst/parallel_mult[1].fixed_mult_inst/product__2 of size 18x15, it is decomposed from a wide multipler into 4 DSP blocks.
Related violations: <none>

SYNTH-10#25 Warning
Wide multiplier  
Detected multiplier at llm_int/high_precision_linear/linear[1].fdp_inst/fixed_vector_mult_inst/parallel_mult[2].fixed_mult_inst/product of size 15x18, it is decomposed from a wide multipler into 4 DSP blocks.
Related violations: <none>

SYNTH-10#26 Warning
Wide multiplier  
Detected multiplier at llm_int/high_precision_linear/linear[1].fdp_inst/fixed_vector_mult_inst/parallel_mult[2].fixed_mult_inst/product__0 of size 15x15, it is decomposed from a wide multipler into 4 DSP blocks.
Related violations: <none>

SYNTH-10#27 Warning
Wide multiplier  
Detected multiplier at llm_int/high_precision_linear/linear[1].fdp_inst/fixed_vector_mult_inst/parallel_mult[2].fixed_mult_inst/product__1 of size 18x18, it is decomposed from a wide multipler into 4 DSP blocks.
Related violations: <none>

SYNTH-10#28 Warning
Wide multiplier  
Detected multiplier at llm_int/high_precision_linear/linear[1].fdp_inst/fixed_vector_mult_inst/parallel_mult[2].fixed_mult_inst/product__2 of size 18x15, it is decomposed from a wide multipler into 4 DSP blocks.
Related violations: <none>

SYNTH-10#29 Warning
Wide multiplier  
Detected multiplier at llm_int/high_precision_linear/linear[1].fdp_inst/fixed_vector_mult_inst/parallel_mult[3].fixed_mult_inst/product of size 15x18, it is decomposed from a wide multipler into 4 DSP blocks.
Related violations: <none>

SYNTH-10#30 Warning
Wide multiplier  
Detected multiplier at llm_int/high_precision_linear/linear[1].fdp_inst/fixed_vector_mult_inst/parallel_mult[3].fixed_mult_inst/product__0 of size 15x15, it is decomposed from a wide multipler into 4 DSP blocks.
Related violations: <none>

SYNTH-10#31 Warning
Wide multiplier  
Detected multiplier at llm_int/high_precision_linear/linear[1].fdp_inst/fixed_vector_mult_inst/parallel_mult[3].fixed_mult_inst/product__1 of size 18x18, it is decomposed from a wide multipler into 4 DSP blocks.
Related violations: <none>

SYNTH-10#32 Warning
Wide multiplier  
Detected multiplier at llm_int/high_precision_linear/linear[1].fdp_inst/fixed_vector_mult_inst/parallel_mult[3].fixed_mult_inst/product__2 of size 18x15, it is decomposed from a wide multipler into 4 DSP blocks.
Related violations: <none>

SYNTH-10#33 Warning
Wide multiplier  
Detected multiplier at llm_int/high_precision_linear/linear[2].fdp_inst/fixed_vector_mult_inst/parallel_mult[0].fixed_mult_inst/product of size 15x18, it is decomposed from a wide multipler into 4 DSP blocks.
Related violations: <none>

SYNTH-10#34 Warning
Wide multiplier  
Detected multiplier at llm_int/high_precision_linear/linear[2].fdp_inst/fixed_vector_mult_inst/parallel_mult[0].fixed_mult_inst/product__0 of size 15x15, it is decomposed from a wide multipler into 4 DSP blocks.
Related violations: <none>

SYNTH-10#35 Warning
Wide multiplier  
Detected multiplier at llm_int/high_precision_linear/linear[2].fdp_inst/fixed_vector_mult_inst/parallel_mult[0].fixed_mult_inst/product__1 of size 18x18, it is decomposed from a wide multipler into 4 DSP blocks.
Related violations: <none>

SYNTH-10#36 Warning
Wide multiplier  
Detected multiplier at llm_int/high_precision_linear/linear[2].fdp_inst/fixed_vector_mult_inst/parallel_mult[0].fixed_mult_inst/product__2 of size 18x15, it is decomposed from a wide multipler into 4 DSP blocks.
Related violations: <none>

SYNTH-10#37 Warning
Wide multiplier  
Detected multiplier at llm_int/high_precision_linear/linear[2].fdp_inst/fixed_vector_mult_inst/parallel_mult[1].fixed_mult_inst/product of size 15x18, it is decomposed from a wide multipler into 4 DSP blocks.
Related violations: <none>

SYNTH-10#38 Warning
Wide multiplier  
Detected multiplier at llm_int/high_precision_linear/linear[2].fdp_inst/fixed_vector_mult_inst/parallel_mult[1].fixed_mult_inst/product__0 of size 15x15, it is decomposed from a wide multipler into 4 DSP blocks.
Related violations: <none>

SYNTH-10#39 Warning
Wide multiplier  
Detected multiplier at llm_int/high_precision_linear/linear[2].fdp_inst/fixed_vector_mult_inst/parallel_mult[1].fixed_mult_inst/product__1 of size 18x18, it is decomposed from a wide multipler into 4 DSP blocks.
Related violations: <none>

SYNTH-10#40 Warning
Wide multiplier  
Detected multiplier at llm_int/high_precision_linear/linear[2].fdp_inst/fixed_vector_mult_inst/parallel_mult[1].fixed_mult_inst/product__2 of size 18x15, it is decomposed from a wide multipler into 4 DSP blocks.
Related violations: <none>

SYNTH-10#41 Warning
Wide multiplier  
Detected multiplier at llm_int/high_precision_linear/linear[2].fdp_inst/fixed_vector_mult_inst/parallel_mult[2].fixed_mult_inst/product of size 15x18, it is decomposed from a wide multipler into 4 DSP blocks.
Related violations: <none>

SYNTH-10#42 Warning
Wide multiplier  
Detected multiplier at llm_int/high_precision_linear/linear[2].fdp_inst/fixed_vector_mult_inst/parallel_mult[2].fixed_mult_inst/product__0 of size 15x15, it is decomposed from a wide multipler into 4 DSP blocks.
Related violations: <none>

SYNTH-10#43 Warning
Wide multiplier  
Detected multiplier at llm_int/high_precision_linear/linear[2].fdp_inst/fixed_vector_mult_inst/parallel_mult[2].fixed_mult_inst/product__1 of size 18x18, it is decomposed from a wide multipler into 4 DSP blocks.
Related violations: <none>

SYNTH-10#44 Warning
Wide multiplier  
Detected multiplier at llm_int/high_precision_linear/linear[2].fdp_inst/fixed_vector_mult_inst/parallel_mult[2].fixed_mult_inst/product__2 of size 18x15, it is decomposed from a wide multipler into 4 DSP blocks.
Related violations: <none>

SYNTH-10#45 Warning
Wide multiplier  
Detected multiplier at llm_int/high_precision_linear/linear[2].fdp_inst/fixed_vector_mult_inst/parallel_mult[3].fixed_mult_inst/product of size 15x18, it is decomposed from a wide multipler into 4 DSP blocks.
Related violations: <none>

SYNTH-10#46 Warning
Wide multiplier  
Detected multiplier at llm_int/high_precision_linear/linear[2].fdp_inst/fixed_vector_mult_inst/parallel_mult[3].fixed_mult_inst/product__0 of size 15x15, it is decomposed from a wide multipler into 4 DSP blocks.
Related violations: <none>

SYNTH-10#47 Warning
Wide multiplier  
Detected multiplier at llm_int/high_precision_linear/linear[2].fdp_inst/fixed_vector_mult_inst/parallel_mult[3].fixed_mult_inst/product__1 of size 18x18, it is decomposed from a wide multipler into 4 DSP blocks.
Related violations: <none>

SYNTH-10#48 Warning
Wide multiplier  
Detected multiplier at llm_int/high_precision_linear/linear[2].fdp_inst/fixed_vector_mult_inst/parallel_mult[3].fixed_mult_inst/product__2 of size 18x15, it is decomposed from a wide multipler into 4 DSP blocks.
Related violations: <none>

SYNTH-10#49 Warning
Wide multiplier  
Detected multiplier at llm_int/high_precision_linear/linear[3].fdp_inst/fixed_vector_mult_inst/parallel_mult[0].fixed_mult_inst/product of size 15x18, it is decomposed from a wide multipler into 4 DSP blocks.
Related violations: <none>

SYNTH-10#50 Warning
Wide multiplier  
Detected multiplier at llm_int/high_precision_linear/linear[3].fdp_inst/fixed_vector_mult_inst/parallel_mult[0].fixed_mult_inst/product__0 of size 15x15, it is decomposed from a wide multipler into 4 DSP blocks.
Related violations: <none>

SYNTH-10#51 Warning
Wide multiplier  
Detected multiplier at llm_int/high_precision_linear/linear[3].fdp_inst/fixed_vector_mult_inst/parallel_mult[0].fixed_mult_inst/product__1 of size 18x18, it is decomposed from a wide multipler into 4 DSP blocks.
Related violations: <none>

SYNTH-10#52 Warning
Wide multiplier  
Detected multiplier at llm_int/high_precision_linear/linear[3].fdp_inst/fixed_vector_mult_inst/parallel_mult[0].fixed_mult_inst/product__2 of size 18x15, it is decomposed from a wide multipler into 4 DSP blocks.
Related violations: <none>

SYNTH-10#53 Warning
Wide multiplier  
Detected multiplier at llm_int/high_precision_linear/linear[3].fdp_inst/fixed_vector_mult_inst/parallel_mult[1].fixed_mult_inst/product of size 15x18, it is decomposed from a wide multipler into 4 DSP blocks.
Related violations: <none>

SYNTH-10#54 Warning
Wide multiplier  
Detected multiplier at llm_int/high_precision_linear/linear[3].fdp_inst/fixed_vector_mult_inst/parallel_mult[1].fixed_mult_inst/product__0 of size 15x15, it is decomposed from a wide multipler into 4 DSP blocks.
Related violations: <none>

SYNTH-10#55 Warning
Wide multiplier  
Detected multiplier at llm_int/high_precision_linear/linear[3].fdp_inst/fixed_vector_mult_inst/parallel_mult[1].fixed_mult_inst/product__1 of size 18x18, it is decomposed from a wide multipler into 4 DSP blocks.
Related violations: <none>

SYNTH-10#56 Warning
Wide multiplier  
Detected multiplier at llm_int/high_precision_linear/linear[3].fdp_inst/fixed_vector_mult_inst/parallel_mult[1].fixed_mult_inst/product__2 of size 18x15, it is decomposed from a wide multipler into 4 DSP blocks.
Related violations: <none>

SYNTH-10#57 Warning
Wide multiplier  
Detected multiplier at llm_int/high_precision_linear/linear[3].fdp_inst/fixed_vector_mult_inst/parallel_mult[2].fixed_mult_inst/product of size 15x18, it is decomposed from a wide multipler into 4 DSP blocks.
Related violations: <none>

SYNTH-10#58 Warning
Wide multiplier  
Detected multiplier at llm_int/high_precision_linear/linear[3].fdp_inst/fixed_vector_mult_inst/parallel_mult[2].fixed_mult_inst/product__0 of size 15x15, it is decomposed from a wide multipler into 4 DSP blocks.
Related violations: <none>

SYNTH-10#59 Warning
Wide multiplier  
Detected multiplier at llm_int/high_precision_linear/linear[3].fdp_inst/fixed_vector_mult_inst/parallel_mult[2].fixed_mult_inst/product__1 of size 18x18, it is decomposed from a wide multipler into 4 DSP blocks.
Related violations: <none>

SYNTH-10#60 Warning
Wide multiplier  
Detected multiplier at llm_int/high_precision_linear/linear[3].fdp_inst/fixed_vector_mult_inst/parallel_mult[2].fixed_mult_inst/product__2 of size 18x15, it is decomposed from a wide multipler into 4 DSP blocks.
Related violations: <none>

SYNTH-10#61 Warning
Wide multiplier  
Detected multiplier at llm_int/high_precision_linear/linear[3].fdp_inst/fixed_vector_mult_inst/parallel_mult[3].fixed_mult_inst/product of size 15x18, it is decomposed from a wide multipler into 4 DSP blocks.
Related violations: <none>

SYNTH-10#62 Warning
Wide multiplier  
Detected multiplier at llm_int/high_precision_linear/linear[3].fdp_inst/fixed_vector_mult_inst/parallel_mult[3].fixed_mult_inst/product__0 of size 15x15, it is decomposed from a wide multipler into 4 DSP blocks.
Related violations: <none>

SYNTH-10#63 Warning
Wide multiplier  
Detected multiplier at llm_int/high_precision_linear/linear[3].fdp_inst/fixed_vector_mult_inst/parallel_mult[3].fixed_mult_inst/product__1 of size 18x18, it is decomposed from a wide multipler into 4 DSP blocks.
Related violations: <none>

SYNTH-10#64 Warning
Wide multiplier  
Detected multiplier at llm_int/high_precision_linear/linear[3].fdp_inst/fixed_vector_mult_inst/parallel_mult[3].fixed_mult_inst/product__2 of size 18x15, it is decomposed from a wide multipler into 4 DSP blocks.
Related violations: <none>

TIMING-18#1 Warning
Missing input or output delay  
An input delay is missing on data_in[0][0] relative to clock(s) sys_clk
Related violations: <none>

TIMING-18#2 Warning
Missing input or output delay  
An input delay is missing on data_in[0][10] relative to clock(s) sys_clk
Related violations: <none>

TIMING-18#3 Warning
Missing input or output delay  
An input delay is missing on data_in[0][11] relative to clock(s) sys_clk
Related violations: <none>

TIMING-18#4 Warning
Missing input or output delay  
An input delay is missing on data_in[0][12] relative to clock(s) sys_clk
Related violations: <none>

TIMING-18#5 Warning
Missing input or output delay  
An input delay is missing on data_in[0][13] relative to clock(s) sys_clk
Related violations: <none>

TIMING-18#6 Warning
Missing input or output delay  
An input delay is missing on data_in[0][14] relative to clock(s) sys_clk
Related violations: <none>

TIMING-18#7 Warning
Missing input or output delay  
An input delay is missing on data_in[0][15] relative to clock(s) sys_clk
Related violations: <none>

TIMING-18#8 Warning
Missing input or output delay  
An input delay is missing on data_in[0][16] relative to clock(s) sys_clk
Related violations: <none>

TIMING-18#9 Warning
Missing input or output delay  
An input delay is missing on data_in[0][17] relative to clock(s) sys_clk
Related violations: <none>

TIMING-18#10 Warning
Missing input or output delay  
An input delay is missing on data_in[0][18] relative to clock(s) sys_clk
Related violations: <none>

TIMING-18#11 Warning
Missing input or output delay  
An input delay is missing on data_in[0][19] relative to clock(s) sys_clk
Related violations: <none>

TIMING-18#12 Warning
Missing input or output delay  
An input delay is missing on data_in[0][1] relative to clock(s) sys_clk
Related violations: <none>

TIMING-18#13 Warning
Missing input or output delay  
An input delay is missing on data_in[0][20] relative to clock(s) sys_clk
Related violations: <none>

TIMING-18#14 Warning
Missing input or output delay  
An input delay is missing on data_in[0][21] relative to clock(s) sys_clk
Related violations: <none>

TIMING-18#15 Warning
Missing input or output delay  
An input delay is missing on data_in[0][22] relative to clock(s) sys_clk
Related violations: <none>

TIMING-18#16 Warning
Missing input or output delay  
An input delay is missing on data_in[0][23] relative to clock(s) sys_clk
Related violations: <none>

TIMING-18#17 Warning
Missing input or output delay  
An input delay is missing on data_in[0][24] relative to clock(s) sys_clk
Related violations: <none>

TIMING-18#18 Warning
Missing input or output delay  
An input delay is missing on data_in[0][25] relative to clock(s) sys_clk
Related violations: <none>

TIMING-18#19 Warning
Missing input or output delay  
An input delay is missing on data_in[0][26] relative to clock(s) sys_clk
Related violations: <none>

TIMING-18#20 Warning
Missing input or output delay  
An input delay is missing on data_in[0][27] relative to clock(s) sys_clk
Related violations: <none>

TIMING-18#21 Warning
Missing input or output delay  
An input delay is missing on data_in[0][28] relative to clock(s) sys_clk
Related violations: <none>

TIMING-18#22 Warning
Missing input or output delay  
An input delay is missing on data_in[0][29] relative to clock(s) sys_clk
Related violations: <none>

TIMING-18#23 Warning
Missing input or output delay  
An input delay is missing on data_in[0][2] relative to clock(s) sys_clk
Related violations: <none>

TIMING-18#24 Warning
Missing input or output delay  
An input delay is missing on data_in[0][30] relative to clock(s) sys_clk
Related violations: <none>

TIMING-18#25 Warning
Missing input or output delay  
An input delay is missing on data_in[0][31] relative to clock(s) sys_clk
Related violations: <none>

TIMING-18#26 Warning
Missing input or output delay  
An input delay is missing on data_in[0][3] relative to clock(s) sys_clk
Related violations: <none>

TIMING-18#27 Warning
Missing input or output delay  
An input delay is missing on data_in[0][4] relative to clock(s) sys_clk
Related violations: <none>

TIMING-18#28 Warning
Missing input or output delay  
An input delay is missing on data_in[0][5] relative to clock(s) sys_clk
Related violations: <none>

TIMING-18#29 Warning
Missing input or output delay  
An input delay is missing on data_in[0][6] relative to clock(s) sys_clk
Related violations: <none>

TIMING-18#30 Warning
Missing input or output delay  
An input delay is missing on data_in[0][7] relative to clock(s) sys_clk
Related violations: <none>

TIMING-18#31 Warning
Missing input or output delay  
An input delay is missing on data_in[0][8] relative to clock(s) sys_clk
Related violations: <none>

TIMING-18#32 Warning
Missing input or output delay  
An input delay is missing on data_in[0][9] relative to clock(s) sys_clk
Related violations: <none>

TIMING-18#33 Warning
Missing input or output delay  
An input delay is missing on data_in[1][0] relative to clock(s) sys_clk
Related violations: <none>

TIMING-18#34 Warning
Missing input or output delay  
An input delay is missing on data_in[1][10] relative to clock(s) sys_clk
Related violations: <none>

TIMING-18#35 Warning
Missing input or output delay  
An input delay is missing on data_in[1][11] relative to clock(s) sys_clk
Related violations: <none>

TIMING-18#36 Warning
Missing input or output delay  
An input delay is missing on data_in[1][12] relative to clock(s) sys_clk
Related violations: <none>

TIMING-18#37 Warning
Missing input or output delay  
An input delay is missing on data_in[1][13] relative to clock(s) sys_clk
Related violations: <none>

TIMING-18#38 Warning
Missing input or output delay  
An input delay is missing on data_in[1][14] relative to clock(s) sys_clk
Related violations: <none>

TIMING-18#39 Warning
Missing input or output delay  
An input delay is missing on data_in[1][15] relative to clock(s) sys_clk
Related violations: <none>

TIMING-18#40 Warning
Missing input or output delay  
An input delay is missing on data_in[1][16] relative to clock(s) sys_clk
Related violations: <none>

TIMING-18#41 Warning
Missing input or output delay  
An input delay is missing on data_in[1][17] relative to clock(s) sys_clk
Related violations: <none>

TIMING-18#42 Warning
Missing input or output delay  
An input delay is missing on data_in[1][18] relative to clock(s) sys_clk
Related violations: <none>

TIMING-18#43 Warning
Missing input or output delay  
An input delay is missing on data_in[1][19] relative to clock(s) sys_clk
Related violations: <none>

TIMING-18#44 Warning
Missing input or output delay  
An input delay is missing on data_in[1][1] relative to clock(s) sys_clk
Related violations: <none>

TIMING-18#45 Warning
Missing input or output delay  
An input delay is missing on data_in[1][20] relative to clock(s) sys_clk
Related violations: <none>

TIMING-18#46 Warning
Missing input or output delay  
An input delay is missing on data_in[1][21] relative to clock(s) sys_clk
Related violations: <none>

TIMING-18#47 Warning
Missing input or output delay  
An input delay is missing on data_in[1][22] relative to clock(s) sys_clk
Related violations: <none>

TIMING-18#48 Warning
Missing input or output delay  
An input delay is missing on data_in[1][23] relative to clock(s) sys_clk
Related violations: <none>

TIMING-18#49 Warning
Missing input or output delay  
An input delay is missing on data_in[1][24] relative to clock(s) sys_clk
Related violations: <none>

TIMING-18#50 Warning
Missing input or output delay  
An input delay is missing on data_in[1][25] relative to clock(s) sys_clk
Related violations: <none>

TIMING-18#51 Warning
Missing input or output delay  
An input delay is missing on data_in[1][26] relative to clock(s) sys_clk
Related violations: <none>

TIMING-18#52 Warning
Missing input or output delay  
An input delay is missing on data_in[1][27] relative to clock(s) sys_clk
Related violations: <none>

TIMING-18#53 Warning
Missing input or output delay  
An input delay is missing on data_in[1][28] relative to clock(s) sys_clk
Related violations: <none>

TIMING-18#54 Warning
Missing input or output delay  
An input delay is missing on data_in[1][29] relative to clock(s) sys_clk
Related violations: <none>

TIMING-18#55 Warning
Missing input or output delay  
An input delay is missing on data_in[1][2] relative to clock(s) sys_clk
Related violations: <none>

TIMING-18#56 Warning
Missing input or output delay  
An input delay is missing on data_in[1][30] relative to clock(s) sys_clk
Related violations: <none>

TIMING-18#57 Warning
Missing input or output delay  
An input delay is missing on data_in[1][31] relative to clock(s) sys_clk
Related violations: <none>

TIMING-18#58 Warning
Missing input or output delay  
An input delay is missing on data_in[1][3] relative to clock(s) sys_clk
Related violations: <none>

TIMING-18#59 Warning
Missing input or output delay  
An input delay is missing on data_in[1][4] relative to clock(s) sys_clk
Related violations: <none>

TIMING-18#60 Warning
Missing input or output delay  
An input delay is missing on data_in[1][5] relative to clock(s) sys_clk
Related violations: <none>

TIMING-18#61 Warning
Missing input or output delay  
An input delay is missing on data_in[1][6] relative to clock(s) sys_clk
Related violations: <none>

TIMING-18#62 Warning
Missing input or output delay  
An input delay is missing on data_in[1][7] relative to clock(s) sys_clk
Related violations: <none>

TIMING-18#63 Warning
Missing input or output delay  
An input delay is missing on data_in[1][8] relative to clock(s) sys_clk
Related violations: <none>

TIMING-18#64 Warning
Missing input or output delay  
An input delay is missing on data_in[1][9] relative to clock(s) sys_clk
Related violations: <none>

TIMING-18#65 Warning
Missing input or output delay  
An input delay is missing on data_in[2][0] relative to clock(s) sys_clk
Related violations: <none>

TIMING-18#66 Warning
Missing input or output delay  
An input delay is missing on data_in[2][10] relative to clock(s) sys_clk
Related violations: <none>

TIMING-18#67 Warning
Missing input or output delay  
An input delay is missing on data_in[2][11] relative to clock(s) sys_clk
Related violations: <none>

TIMING-18#68 Warning
Missing input or output delay  
An input delay is missing on data_in[2][12] relative to clock(s) sys_clk
Related violations: <none>

TIMING-18#69 Warning
Missing input or output delay  
An input delay is missing on data_in[2][13] relative to clock(s) sys_clk
Related violations: <none>

TIMING-18#70 Warning
Missing input or output delay  
An input delay is missing on data_in[2][14] relative to clock(s) sys_clk
Related violations: <none>

TIMING-18#71 Warning
Missing input or output delay  
An input delay is missing on data_in[2][15] relative to clock(s) sys_clk
Related violations: <none>

TIMING-18#72 Warning
Missing input or output delay  
An input delay is missing on data_in[2][16] relative to clock(s) sys_clk
Related violations: <none>

TIMING-18#73 Warning
Missing input or output delay  
An input delay is missing on data_in[2][17] relative to clock(s) sys_clk
Related violations: <none>

TIMING-18#74 Warning
Missing input or output delay  
An input delay is missing on data_in[2][18] relative to clock(s) sys_clk
Related violations: <none>

TIMING-18#75 Warning
Missing input or output delay  
An input delay is missing on data_in[2][19] relative to clock(s) sys_clk
Related violations: <none>

TIMING-18#76 Warning
Missing input or output delay  
An input delay is missing on data_in[2][1] relative to clock(s) sys_clk
Related violations: <none>

TIMING-18#77 Warning
Missing input or output delay  
An input delay is missing on data_in[2][20] relative to clock(s) sys_clk
Related violations: <none>

TIMING-18#78 Warning
Missing input or output delay  
An input delay is missing on data_in[2][21] relative to clock(s) sys_clk
Related violations: <none>

TIMING-18#79 Warning
Missing input or output delay  
An input delay is missing on data_in[2][22] relative to clock(s) sys_clk
Related violations: <none>

TIMING-18#80 Warning
Missing input or output delay  
An input delay is missing on data_in[2][23] relative to clock(s) sys_clk
Related violations: <none>

TIMING-18#81 Warning
Missing input or output delay  
An input delay is missing on data_in[2][24] relative to clock(s) sys_clk
Related violations: <none>

TIMING-18#82 Warning
Missing input or output delay  
An input delay is missing on data_in[2][25] relative to clock(s) sys_clk
Related violations: <none>

TIMING-18#83 Warning
Missing input or output delay  
An input delay is missing on data_in[2][26] relative to clock(s) sys_clk
Related violations: <none>

TIMING-18#84 Warning
Missing input or output delay  
An input delay is missing on data_in[2][27] relative to clock(s) sys_clk
Related violations: <none>

TIMING-18#85 Warning
Missing input or output delay  
An input delay is missing on data_in[2][28] relative to clock(s) sys_clk
Related violations: <none>

TIMING-18#86 Warning
Missing input or output delay  
An input delay is missing on data_in[2][29] relative to clock(s) sys_clk
Related violations: <none>

TIMING-18#87 Warning
Missing input or output delay  
An input delay is missing on data_in[2][2] relative to clock(s) sys_clk
Related violations: <none>

TIMING-18#88 Warning
Missing input or output delay  
An input delay is missing on data_in[2][30] relative to clock(s) sys_clk
Related violations: <none>

TIMING-18#89 Warning
Missing input or output delay  
An input delay is missing on data_in[2][31] relative to clock(s) sys_clk
Related violations: <none>

TIMING-18#90 Warning
Missing input or output delay  
An input delay is missing on data_in[2][3] relative to clock(s) sys_clk
Related violations: <none>

TIMING-18#91 Warning
Missing input or output delay  
An input delay is missing on data_in[2][4] relative to clock(s) sys_clk
Related violations: <none>

TIMING-18#92 Warning
Missing input or output delay  
An input delay is missing on data_in[2][5] relative to clock(s) sys_clk
Related violations: <none>

TIMING-18#93 Warning
Missing input or output delay  
An input delay is missing on data_in[2][6] relative to clock(s) sys_clk
Related violations: <none>

TIMING-18#94 Warning
Missing input or output delay  
An input delay is missing on data_in[2][7] relative to clock(s) sys_clk
Related violations: <none>

TIMING-18#95 Warning
Missing input or output delay  
An input delay is missing on data_in[2][8] relative to clock(s) sys_clk
Related violations: <none>

TIMING-18#96 Warning
Missing input or output delay  
An input delay is missing on data_in[2][9] relative to clock(s) sys_clk
Related violations: <none>

TIMING-18#97 Warning
Missing input or output delay  
An input delay is missing on data_in[3][0] relative to clock(s) sys_clk
Related violations: <none>

TIMING-18#98 Warning
Missing input or output delay  
An input delay is missing on data_in[3][10] relative to clock(s) sys_clk
Related violations: <none>

TIMING-18#99 Warning
Missing input or output delay  
An input delay is missing on data_in[3][11] relative to clock(s) sys_clk
Related violations: <none>

TIMING-18#100 Warning
Missing input or output delay  
An input delay is missing on data_in[3][12] relative to clock(s) sys_clk
Related violations: <none>

TIMING-18#101 Warning
Missing input or output delay  
An input delay is missing on data_in[3][13] relative to clock(s) sys_clk
Related violations: <none>

TIMING-18#102 Warning
Missing input or output delay  
An input delay is missing on data_in[3][14] relative to clock(s) sys_clk
Related violations: <none>

TIMING-18#103 Warning
Missing input or output delay  
An input delay is missing on data_in[3][15] relative to clock(s) sys_clk
Related violations: <none>

TIMING-18#104 Warning
Missing input or output delay  
An input delay is missing on data_in[3][16] relative to clock(s) sys_clk
Related violations: <none>

TIMING-18#105 Warning
Missing input or output delay  
An input delay is missing on data_in[3][17] relative to clock(s) sys_clk
Related violations: <none>

TIMING-18#106 Warning
Missing input or output delay  
An input delay is missing on data_in[3][18] relative to clock(s) sys_clk
Related violations: <none>

TIMING-18#107 Warning
Missing input or output delay  
An input delay is missing on data_in[3][19] relative to clock(s) sys_clk
Related violations: <none>

TIMING-18#108 Warning
Missing input or output delay  
An input delay is missing on data_in[3][1] relative to clock(s) sys_clk
Related violations: <none>

TIMING-18#109 Warning
Missing input or output delay  
An input delay is missing on data_in[3][20] relative to clock(s) sys_clk
Related violations: <none>

TIMING-18#110 Warning
Missing input or output delay  
An input delay is missing on data_in[3][21] relative to clock(s) sys_clk
Related violations: <none>

TIMING-18#111 Warning
Missing input or output delay  
An input delay is missing on data_in[3][22] relative to clock(s) sys_clk
Related violations: <none>

TIMING-18#112 Warning
Missing input or output delay  
An input delay is missing on data_in[3][23] relative to clock(s) sys_clk
Related violations: <none>

TIMING-18#113 Warning
Missing input or output delay  
An input delay is missing on data_in[3][24] relative to clock(s) sys_clk
Related violations: <none>

TIMING-18#114 Warning
Missing input or output delay  
An input delay is missing on data_in[3][25] relative to clock(s) sys_clk
Related violations: <none>

TIMING-18#115 Warning
Missing input or output delay  
An input delay is missing on data_in[3][26] relative to clock(s) sys_clk
Related violations: <none>

TIMING-18#116 Warning
Missing input or output delay  
An input delay is missing on data_in[3][27] relative to clock(s) sys_clk
Related violations: <none>

TIMING-18#117 Warning
Missing input or output delay  
An input delay is missing on data_in[3][28] relative to clock(s) sys_clk
Related violations: <none>

TIMING-18#118 Warning
Missing input or output delay  
An input delay is missing on data_in[3][29] relative to clock(s) sys_clk
Related violations: <none>

TIMING-18#119 Warning
Missing input or output delay  
An input delay is missing on data_in[3][2] relative to clock(s) sys_clk
Related violations: <none>

TIMING-18#120 Warning
Missing input or output delay  
An input delay is missing on data_in[3][30] relative to clock(s) sys_clk
Related violations: <none>

TIMING-18#121 Warning
Missing input or output delay  
An input delay is missing on data_in[3][31] relative to clock(s) sys_clk
Related violations: <none>

TIMING-18#122 Warning
Missing input or output delay  
An input delay is missing on data_in[3][3] relative to clock(s) sys_clk
Related violations: <none>

TIMING-18#123 Warning
Missing input or output delay  
An input delay is missing on data_in[3][4] relative to clock(s) sys_clk
Related violations: <none>

TIMING-18#124 Warning
Missing input or output delay  
An input delay is missing on data_in[3][5] relative to clock(s) sys_clk
Related violations: <none>

TIMING-18#125 Warning
Missing input or output delay  
An input delay is missing on data_in[3][6] relative to clock(s) sys_clk
Related violations: <none>

TIMING-18#126 Warning
Missing input or output delay  
An input delay is missing on data_in[3][7] relative to clock(s) sys_clk
Related violations: <none>

TIMING-18#127 Warning
Missing input or output delay  
An input delay is missing on data_in[3][8] relative to clock(s) sys_clk
Related violations: <none>

TIMING-18#128 Warning
Missing input or output delay  
An input delay is missing on data_in[3][9] relative to clock(s) sys_clk
Related violations: <none>

TIMING-18#129 Warning
Missing input or output delay  
An input delay is missing on data_in_valid relative to clock(s) sys_clk
Related violations: <none>

TIMING-18#130 Warning
Missing input or output delay  
An input delay is missing on data_out_ready relative to clock(s) sys_clk
Related violations: <none>

TIMING-18#131 Warning
Missing input or output delay  
An input delay is missing on sys_rst relative to clock(s) sys_clk
Related violations: <none>

TIMING-18#132 Warning
Missing input or output delay  
An input delay is missing on weight_valid relative to clock(s) sys_clk
Related violations: <none>

TIMING-18#133 Warning
Missing input or output delay  
An output delay is missing on data_in_ready relative to clock(s) sys_clk
Related violations: <none>

TIMING-18#134 Warning
Missing input or output delay  
An output delay is missing on data_out[0][0] relative to clock(s) sys_clk
Related violations: <none>

TIMING-18#135 Warning
Missing input or output delay  
An output delay is missing on data_out[0][10] relative to clock(s) sys_clk
Related violations: <none>

TIMING-18#136 Warning
Missing input or output delay  
An output delay is missing on data_out[0][11] relative to clock(s) sys_clk
Related violations: <none>

TIMING-18#137 Warning
Missing input or output delay  
An output delay is missing on data_out[0][12] relative to clock(s) sys_clk
Related violations: <none>

TIMING-18#138 Warning
Missing input or output delay  
An output delay is missing on data_out[0][13] relative to clock(s) sys_clk
Related violations: <none>

TIMING-18#139 Warning
Missing input or output delay  
An output delay is missing on data_out[0][14] relative to clock(s) sys_clk
Related violations: <none>

TIMING-18#140 Warning
Missing input or output delay  
An output delay is missing on data_out[0][15] relative to clock(s) sys_clk
Related violations: <none>

TIMING-18#141 Warning
Missing input or output delay  
An output delay is missing on data_out[0][16] relative to clock(s) sys_clk
Related violations: <none>

TIMING-18#142 Warning
Missing input or output delay  
An output delay is missing on data_out[0][17] relative to clock(s) sys_clk
Related violations: <none>

TIMING-18#143 Warning
Missing input or output delay  
An output delay is missing on data_out[0][18] relative to clock(s) sys_clk
Related violations: <none>

TIMING-18#144 Warning
Missing input or output delay  
An output delay is missing on data_out[0][19] relative to clock(s) sys_clk
Related violations: <none>

TIMING-18#145 Warning
Missing input or output delay  
An output delay is missing on data_out[0][1] relative to clock(s) sys_clk
Related violations: <none>

TIMING-18#146 Warning
Missing input or output delay  
An output delay is missing on data_out[0][20] relative to clock(s) sys_clk
Related violations: <none>

TIMING-18#147 Warning
Missing input or output delay  
An output delay is missing on data_out[0][21] relative to clock(s) sys_clk
Related violations: <none>

TIMING-18#148 Warning
Missing input or output delay  
An output delay is missing on data_out[0][22] relative to clock(s) sys_clk
Related violations: <none>

TIMING-18#149 Warning
Missing input or output delay  
An output delay is missing on data_out[0][23] relative to clock(s) sys_clk
Related violations: <none>

TIMING-18#150 Warning
Missing input or output delay  
An output delay is missing on data_out[0][24] relative to clock(s) sys_clk
Related violations: <none>

TIMING-18#151 Warning
Missing input or output delay  
An output delay is missing on data_out[0][25] relative to clock(s) sys_clk
Related violations: <none>

TIMING-18#152 Warning
Missing input or output delay  
An output delay is missing on data_out[0][26] relative to clock(s) sys_clk
Related violations: <none>

TIMING-18#153 Warning
Missing input or output delay  
An output delay is missing on data_out[0][27] relative to clock(s) sys_clk
Related violations: <none>

TIMING-18#154 Warning
Missing input or output delay  
An output delay is missing on data_out[0][28] relative to clock(s) sys_clk
Related violations: <none>

TIMING-18#155 Warning
Missing input or output delay  
An output delay is missing on data_out[0][29] relative to clock(s) sys_clk
Related violations: <none>

TIMING-18#156 Warning
Missing input or output delay  
An output delay is missing on data_out[0][2] relative to clock(s) sys_clk
Related violations: <none>

TIMING-18#157 Warning
Missing input or output delay  
An output delay is missing on data_out[0][30] relative to clock(s) sys_clk
Related violations: <none>

TIMING-18#158 Warning
Missing input or output delay  
An output delay is missing on data_out[0][31] relative to clock(s) sys_clk
Related violations: <none>

TIMING-18#159 Warning
Missing input or output delay  
An output delay is missing on data_out[0][3] relative to clock(s) sys_clk
Related violations: <none>

TIMING-18#160 Warning
Missing input or output delay  
An output delay is missing on data_out[0][4] relative to clock(s) sys_clk
Related violations: <none>

TIMING-18#161 Warning
Missing input or output delay  
An output delay is missing on data_out[0][5] relative to clock(s) sys_clk
Related violations: <none>

TIMING-18#162 Warning
Missing input or output delay  
An output delay is missing on data_out[0][6] relative to clock(s) sys_clk
Related violations: <none>

TIMING-18#163 Warning
Missing input or output delay  
An output delay is missing on data_out[0][7] relative to clock(s) sys_clk
Related violations: <none>

TIMING-18#164 Warning
Missing input or output delay  
An output delay is missing on data_out[0][8] relative to clock(s) sys_clk
Related violations: <none>

TIMING-18#165 Warning
Missing input or output delay  
An output delay is missing on data_out[0][9] relative to clock(s) sys_clk
Related violations: <none>

TIMING-18#166 Warning
Missing input or output delay  
An output delay is missing on data_out[1][0] relative to clock(s) sys_clk
Related violations: <none>

TIMING-18#167 Warning
Missing input or output delay  
An output delay is missing on data_out[1][10] relative to clock(s) sys_clk
Related violations: <none>

TIMING-18#168 Warning
Missing input or output delay  
An output delay is missing on data_out[1][11] relative to clock(s) sys_clk
Related violations: <none>

TIMING-18#169 Warning
Missing input or output delay  
An output delay is missing on data_out[1][12] relative to clock(s) sys_clk
Related violations: <none>

TIMING-18#170 Warning
Missing input or output delay  
An output delay is missing on data_out[1][13] relative to clock(s) sys_clk
Related violations: <none>

TIMING-18#171 Warning
Missing input or output delay  
An output delay is missing on data_out[1][14] relative to clock(s) sys_clk
Related violations: <none>

TIMING-18#172 Warning
Missing input or output delay  
An output delay is missing on data_out[1][15] relative to clock(s) sys_clk
Related violations: <none>

TIMING-18#173 Warning
Missing input or output delay  
An output delay is missing on data_out[1][16] relative to clock(s) sys_clk
Related violations: <none>

TIMING-18#174 Warning
Missing input or output delay  
An output delay is missing on data_out[1][17] relative to clock(s) sys_clk
Related violations: <none>

TIMING-18#175 Warning
Missing input or output delay  
An output delay is missing on data_out[1][18] relative to clock(s) sys_clk
Related violations: <none>

TIMING-18#176 Warning
Missing input or output delay  
An output delay is missing on data_out[1][19] relative to clock(s) sys_clk
Related violations: <none>

TIMING-18#177 Warning
Missing input or output delay  
An output delay is missing on data_out[1][1] relative to clock(s) sys_clk
Related violations: <none>

TIMING-18#178 Warning
Missing input or output delay  
An output delay is missing on data_out[1][20] relative to clock(s) sys_clk
Related violations: <none>

TIMING-18#179 Warning
Missing input or output delay  
An output delay is missing on data_out[1][21] relative to clock(s) sys_clk
Related violations: <none>

TIMING-18#180 Warning
Missing input or output delay  
An output delay is missing on data_out[1][22] relative to clock(s) sys_clk
Related violations: <none>

TIMING-18#181 Warning
Missing input or output delay  
An output delay is missing on data_out[1][23] relative to clock(s) sys_clk
Related violations: <none>

TIMING-18#182 Warning
Missing input or output delay  
An output delay is missing on data_out[1][24] relative to clock(s) sys_clk
Related violations: <none>

TIMING-18#183 Warning
Missing input or output delay  
An output delay is missing on data_out[1][25] relative to clock(s) sys_clk
Related violations: <none>

TIMING-18#184 Warning
Missing input or output delay  
An output delay is missing on data_out[1][26] relative to clock(s) sys_clk
Related violations: <none>

TIMING-18#185 Warning
Missing input or output delay  
An output delay is missing on data_out[1][27] relative to clock(s) sys_clk
Related violations: <none>

TIMING-18#186 Warning
Missing input or output delay  
An output delay is missing on data_out[1][28] relative to clock(s) sys_clk
Related violations: <none>

TIMING-18#187 Warning
Missing input or output delay  
An output delay is missing on data_out[1][29] relative to clock(s) sys_clk
Related violations: <none>

TIMING-18#188 Warning
Missing input or output delay  
An output delay is missing on data_out[1][2] relative to clock(s) sys_clk
Related violations: <none>

TIMING-18#189 Warning
Missing input or output delay  
An output delay is missing on data_out[1][30] relative to clock(s) sys_clk
Related violations: <none>

TIMING-18#190 Warning
Missing input or output delay  
An output delay is missing on data_out[1][31] relative to clock(s) sys_clk
Related violations: <none>

TIMING-18#191 Warning
Missing input or output delay  
An output delay is missing on data_out[1][3] relative to clock(s) sys_clk
Related violations: <none>

TIMING-18#192 Warning
Missing input or output delay  
An output delay is missing on data_out[1][4] relative to clock(s) sys_clk
Related violations: <none>

TIMING-18#193 Warning
Missing input or output delay  
An output delay is missing on data_out[1][5] relative to clock(s) sys_clk
Related violations: <none>

TIMING-18#194 Warning
Missing input or output delay  
An output delay is missing on data_out[1][6] relative to clock(s) sys_clk
Related violations: <none>

TIMING-18#195 Warning
Missing input or output delay  
An output delay is missing on data_out[1][7] relative to clock(s) sys_clk
Related violations: <none>

TIMING-18#196 Warning
Missing input or output delay  
An output delay is missing on data_out[1][8] relative to clock(s) sys_clk
Related violations: <none>

TIMING-18#197 Warning
Missing input or output delay  
An output delay is missing on data_out[1][9] relative to clock(s) sys_clk
Related violations: <none>

TIMING-18#198 Warning
Missing input or output delay  
An output delay is missing on data_out[2][0] relative to clock(s) sys_clk
Related violations: <none>

TIMING-18#199 Warning
Missing input or output delay  
An output delay is missing on data_out[2][10] relative to clock(s) sys_clk
Related violations: <none>

TIMING-18#200 Warning
Missing input or output delay  
An output delay is missing on data_out[2][11] relative to clock(s) sys_clk
Related violations: <none>

TIMING-18#201 Warning
Missing input or output delay  
An output delay is missing on data_out[2][12] relative to clock(s) sys_clk
Related violations: <none>

TIMING-18#202 Warning
Missing input or output delay  
An output delay is missing on data_out[2][13] relative to clock(s) sys_clk
Related violations: <none>

TIMING-18#203 Warning
Missing input or output delay  
An output delay is missing on data_out[2][14] relative to clock(s) sys_clk
Related violations: <none>

TIMING-18#204 Warning
Missing input or output delay  
An output delay is missing on data_out[2][15] relative to clock(s) sys_clk
Related violations: <none>

TIMING-18#205 Warning
Missing input or output delay  
An output delay is missing on data_out[2][16] relative to clock(s) sys_clk
Related violations: <none>

TIMING-18#206 Warning
Missing input or output delay  
An output delay is missing on data_out[2][17] relative to clock(s) sys_clk
Related violations: <none>

TIMING-18#207 Warning
Missing input or output delay  
An output delay is missing on data_out[2][18] relative to clock(s) sys_clk
Related violations: <none>

TIMING-18#208 Warning
Missing input or output delay  
An output delay is missing on data_out[2][19] relative to clock(s) sys_clk
Related violations: <none>

TIMING-18#209 Warning
Missing input or output delay  
An output delay is missing on data_out[2][1] relative to clock(s) sys_clk
Related violations: <none>

TIMING-18#210 Warning
Missing input or output delay  
An output delay is missing on data_out[2][20] relative to clock(s) sys_clk
Related violations: <none>

TIMING-18#211 Warning
Missing input or output delay  
An output delay is missing on data_out[2][21] relative to clock(s) sys_clk
Related violations: <none>

TIMING-18#212 Warning
Missing input or output delay  
An output delay is missing on data_out[2][22] relative to clock(s) sys_clk
Related violations: <none>

TIMING-18#213 Warning
Missing input or output delay  
An output delay is missing on data_out[2][23] relative to clock(s) sys_clk
Related violations: <none>

TIMING-18#214 Warning
Missing input or output delay  
An output delay is missing on data_out[2][24] relative to clock(s) sys_clk
Related violations: <none>

TIMING-18#215 Warning
Missing input or output delay  
An output delay is missing on data_out[2][25] relative to clock(s) sys_clk
Related violations: <none>

TIMING-18#216 Warning
Missing input or output delay  
An output delay is missing on data_out[2][26] relative to clock(s) sys_clk
Related violations: <none>

TIMING-18#217 Warning
Missing input or output delay  
An output delay is missing on data_out[2][27] relative to clock(s) sys_clk
Related violations: <none>

TIMING-18#218 Warning
Missing input or output delay  
An output delay is missing on data_out[2][28] relative to clock(s) sys_clk
Related violations: <none>

TIMING-18#219 Warning
Missing input or output delay  
An output delay is missing on data_out[2][29] relative to clock(s) sys_clk
Related violations: <none>

TIMING-18#220 Warning
Missing input or output delay  
An output delay is missing on data_out[2][2] relative to clock(s) sys_clk
Related violations: <none>

TIMING-18#221 Warning
Missing input or output delay  
An output delay is missing on data_out[2][30] relative to clock(s) sys_clk
Related violations: <none>

TIMING-18#222 Warning
Missing input or output delay  
An output delay is missing on data_out[2][31] relative to clock(s) sys_clk
Related violations: <none>

TIMING-18#223 Warning
Missing input or output delay  
An output delay is missing on data_out[2][3] relative to clock(s) sys_clk
Related violations: <none>

TIMING-18#224 Warning
Missing input or output delay  
An output delay is missing on data_out[2][4] relative to clock(s) sys_clk
Related violations: <none>

TIMING-18#225 Warning
Missing input or output delay  
An output delay is missing on data_out[2][5] relative to clock(s) sys_clk
Related violations: <none>

TIMING-18#226 Warning
Missing input or output delay  
An output delay is missing on data_out[2][6] relative to clock(s) sys_clk
Related violations: <none>

TIMING-18#227 Warning
Missing input or output delay  
An output delay is missing on data_out[2][7] relative to clock(s) sys_clk
Related violations: <none>

TIMING-18#228 Warning
Missing input or output delay  
An output delay is missing on data_out[2][8] relative to clock(s) sys_clk
Related violations: <none>

TIMING-18#229 Warning
Missing input or output delay  
An output delay is missing on data_out[2][9] relative to clock(s) sys_clk
Related violations: <none>

TIMING-18#230 Warning
Missing input or output delay  
An output delay is missing on data_out[3][0] relative to clock(s) sys_clk
Related violations: <none>

TIMING-18#231 Warning
Missing input or output delay  
An output delay is missing on data_out[3][10] relative to clock(s) sys_clk
Related violations: <none>

TIMING-18#232 Warning
Missing input or output delay  
An output delay is missing on data_out[3][11] relative to clock(s) sys_clk
Related violations: <none>

TIMING-18#233 Warning
Missing input or output delay  
An output delay is missing on data_out[3][12] relative to clock(s) sys_clk
Related violations: <none>

TIMING-18#234 Warning
Missing input or output delay  
An output delay is missing on data_out[3][13] relative to clock(s) sys_clk
Related violations: <none>

TIMING-18#235 Warning
Missing input or output delay  
An output delay is missing on data_out[3][14] relative to clock(s) sys_clk
Related violations: <none>

TIMING-18#236 Warning
Missing input or output delay  
An output delay is missing on data_out[3][15] relative to clock(s) sys_clk
Related violations: <none>

TIMING-18#237 Warning
Missing input or output delay  
An output delay is missing on data_out[3][16] relative to clock(s) sys_clk
Related violations: <none>

TIMING-18#238 Warning
Missing input or output delay  
An output delay is missing on data_out[3][17] relative to clock(s) sys_clk
Related violations: <none>

TIMING-18#239 Warning
Missing input or output delay  
An output delay is missing on data_out[3][18] relative to clock(s) sys_clk
Related violations: <none>

TIMING-18#240 Warning
Missing input or output delay  
An output delay is missing on data_out[3][19] relative to clock(s) sys_clk
Related violations: <none>

TIMING-18#241 Warning
Missing input or output delay  
An output delay is missing on data_out[3][1] relative to clock(s) sys_clk
Related violations: <none>

TIMING-18#242 Warning
Missing input or output delay  
An output delay is missing on data_out[3][20] relative to clock(s) sys_clk
Related violations: <none>

TIMING-18#243 Warning
Missing input or output delay  
An output delay is missing on data_out[3][21] relative to clock(s) sys_clk
Related violations: <none>

TIMING-18#244 Warning
Missing input or output delay  
An output delay is missing on data_out[3][22] relative to clock(s) sys_clk
Related violations: <none>

TIMING-18#245 Warning
Missing input or output delay  
An output delay is missing on data_out[3][23] relative to clock(s) sys_clk
Related violations: <none>

TIMING-18#246 Warning
Missing input or output delay  
An output delay is missing on data_out[3][24] relative to clock(s) sys_clk
Related violations: <none>

TIMING-18#247 Warning
Missing input or output delay  
An output delay is missing on data_out[3][25] relative to clock(s) sys_clk
Related violations: <none>

TIMING-18#248 Warning
Missing input or output delay  
An output delay is missing on data_out[3][26] relative to clock(s) sys_clk
Related violations: <none>

TIMING-18#249 Warning
Missing input or output delay  
An output delay is missing on data_out[3][27] relative to clock(s) sys_clk
Related violations: <none>

TIMING-18#250 Warning
Missing input or output delay  
An output delay is missing on data_out[3][28] relative to clock(s) sys_clk
Related violations: <none>

TIMING-18#251 Warning
Missing input or output delay  
An output delay is missing on data_out[3][29] relative to clock(s) sys_clk
Related violations: <none>

TIMING-18#252 Warning
Missing input or output delay  
An output delay is missing on data_out[3][2] relative to clock(s) sys_clk
Related violations: <none>

TIMING-18#253 Warning
Missing input or output delay  
An output delay is missing on data_out[3][30] relative to clock(s) sys_clk
Related violations: <none>

TIMING-18#254 Warning
Missing input or output delay  
An output delay is missing on data_out[3][31] relative to clock(s) sys_clk
Related violations: <none>

TIMING-18#255 Warning
Missing input or output delay  
An output delay is missing on data_out[3][3] relative to clock(s) sys_clk
Related violations: <none>

TIMING-18#256 Warning
Missing input or output delay  
An output delay is missing on data_out[3][4] relative to clock(s) sys_clk
Related violations: <none>

TIMING-18#257 Warning
Missing input or output delay  
An output delay is missing on data_out[3][5] relative to clock(s) sys_clk
Related violations: <none>

TIMING-18#258 Warning
Missing input or output delay  
An output delay is missing on data_out[3][6] relative to clock(s) sys_clk
Related violations: <none>

TIMING-18#259 Warning
Missing input or output delay  
An output delay is missing on data_out[3][7] relative to clock(s) sys_clk
Related violations: <none>

TIMING-18#260 Warning
Missing input or output delay  
An output delay is missing on data_out[3][8] relative to clock(s) sys_clk
Related violations: <none>

TIMING-18#261 Warning
Missing input or output delay  
An output delay is missing on data_out[3][9] relative to clock(s) sys_clk
Related violations: <none>

TIMING-18#262 Warning
Missing input or output delay  
An output delay is missing on data_out_valid relative to clock(s) sys_clk
Related violations: <none>

TIMING-18#263 Warning
Missing input or output delay  
An output delay is missing on weight_ready relative to clock(s) sys_clk
Related violations: <none>


