#-----------------------------------------------------------
# Vivado v2019.2 (64-bit)
# SW Build 2708876 on Wed Nov  6 21:39:14 MST 2019
# IP Build 2700528 on Thu Nov  7 00:09:20 MST 2019
# Start of session at: Wed Mar 27 13:27:13 2024
# Process ID: 2027058
# Current directory: /home/aw1223/new/mase/machop/mase_components/llmint/test
# Command line: vivado
# Log file: /home/aw1223/new/mase/machop/mase_components/llmint/test/vivado.log
# Journal file: /home/aw1223/new/mase/machop/mase_components/llmint/test/vivado.jou
#-----------------------------------------------------------
start_gui
open_project /home/aw1223/new/mase/machop/mase_components/scatter/scatter_vivado/scatter_vivado.xpr
add_files -norecurse /home/aw1223/new/mase/machop/mase_components/scatter/rtl/scatter_threshold.sv
reset_run synth_1
launch_runs impl_1 -jobs 20
wait_on_run impl_1
# Disabling source management mode.  This is to allow the top design properties to be set without GUI intervention.
set_property source_mgmt_mode None [current_project]
set_property top top [current_fileset]
# Re-enabling previously disabled source management mode.
set_property source_mgmt_mode DisplayOnly [current_project]
# Disabling source management mode.  This is to allow the top design properties to be set without GUI intervention.
set_property source_mgmt_mode None [current_project]
# Re-enabling previously disabled source management mode.
set_property source_mgmt_mode DisplayOnly [current_project]
add_files -norecurse {/home/aw1223/new/mase/machop/mase_components/priority_encoder/rtl/priority_encoder.sv /home/aw1223/new/mase/machop/mase_components/scatter/rtl/array_zero_mask.sv}
reset_run synth_1
launch_runs impl_1 -jobs 20
wait_on_run impl_1
open_run impl_1
read_saif {/home/aw1223/new/mase/machop/mase_components/scatter/test/build/scatter_threshold/test_0/dump.vcd}
report_power -name {power_1}
report_utilization -name utilization_1
close_design
synth_design -rtl -name rtl_1
close_design
open_run synth_1 -name synth_1
read_saif {/home/aw1223/new/mase/machop/mase_components/scatter/test/build/scatter_threshold/test_0/dump.vcd}
report_power -name {power_1}
read_saif {/home/aw1223/new/mase/machop/mase_components/scatter/test/build/scatter_threshold/test_0/dump.vcd}
report_power -rpx {/home/aw1223/new/mase/machop/mase_components/scatter/scatter_vivado/scatter_vivado.runs/impl_1/power_2.rpx} -name {power_2}
reset_run synth_1
launch_runs synth_1 -jobs 20
wait_on_run synth_1
close_design
open_run synth_1 -name synth_1
read_saif {/home/aw1223/new/mase/machop/mase_components/scatter/test/build/scatter_threshold/test_0/dump.vcd}
report_power -name {power_1}
read_saif {/home/aw1223/new/mase/machop/mase_components/scatter/test/build/scatter_threshold/test_0/dump.vcd}
report_power -name {power_2}
read_saif {/home/aw1223/new/mase/machop/mase_components/scatter/test/build/scatter_threshold/test_0/dump.vcd}
report_power -name {power_3}
# Disabling source management mode.  This is to allow the top design properties to be set without GUI intervention.
set_property source_mgmt_mode None [current_project]
set_property top scatter_threshold [current_fileset]
# Re-enabling previously disabled source management mode.
set_property source_mgmt_mode DisplayOnly [current_project]
export_ip_user_files -of_objects  [get_files /home/aw1223/new/mase/machop/mase_components/scatter/rtl/scatter_wrapper.sv] -no_script -reset -force -quiet
remove_files  /home/aw1223/new/mase/machop/mase_components/scatter/rtl/scatter_wrapper.sv
# Disabling source management mode.  This is to allow the top design properties to be set without GUI intervention.
set_property source_mgmt_mode None [current_project]
# Re-enabling previously disabled source management mode.
set_property source_mgmt_mode DisplayOnly [current_project]
reset_run synth_1
launch_runs synth_1 -jobs 20
wait_on_run synth_1
close_design
open_run synth_1 -name synth_1
read_saif {/home/aw1223/new/mase/machop/mase_components/scatter/test/build/scatter_threshold/test_0/dump.vcd}
report_power -name {power_1}
ls
exce ls
exec ls
pwd
write_saif /home/aw1223/new/mase/machop/mase_components/scatter/test/build/scatter_threshold/test_0/dump.vcd
write_saif /home/aw1223/new/mase/machop/mase_components/scatter/test/build/scatter_threshold/test_0/dump.vcd -output dump.saif
write_said
write_saif
read_saif {/home/aw1223/new/mase/machop/mase_components/scatter/test/build/scatter_threshold/test_0/dump.vcd}
report_power -name {power_2}
report_utilization -name utilization_1
read_saif {/home/aw1223/new/mase/machop/mase_components/scatter/test/build/scatter_threshold/test_0/dump.vcd}
report_power -name {power_3}
vcd2saif
saif
close_design
reset_run synth_1
launch_runs synth_1 -jobs 20
wait_on_run synth_1
open_run synth_1 -name synth_1
read_saif {/home/aw1223/new/mase/machop/mase_components/scatter/test/build/scatter_threshold/test_0/dump.vcd}
report_power -name {power_1}
reset_run synth_1
launch_runs synth_1 -jobs 20
wait_on_run synth_1
close_design
open_run synth_1 -name synth_1
report_power -name {power_1}
file mkdir /home/aw1223/new/mase/machop/mase_components/scatter/scatter_vivado/scatter_vivado.srcs/sim_1/new
set_property SOURCE_SET sources_1 [get_filesets sim_1]
close [ open /home/aw1223/new/mase/machop/mase_components/scatter/scatter_vivado/scatter_vivado.srcs/sim_1/new/scatter_threshold_tb.sv w ]
add_files -fileset sim_1 /home/aw1223/new/mase/machop/mase_components/scatter/scatter_vivado/scatter_vivado.srcs/sim_1/new/scatter_threshold_tb.sv
set_property file_type Verilog [get_files  /home/aw1223/new/mase/machop/mase_components/scatter/scatter_vivado/scatter_vivado.srcs/sim_1/new/scatter_threshold_tb.sv]
launch_simulation
set_property SOURCE_SET sources_1 [get_filesets sim_1]
add_files -fileset sim_1 -norecurse /home/aw1223/new/mase/machop/mase_components/scatter/test/scatter_tb.sv
launch_simulation
export_ip_user_files -of_objects  [get_files /home/aw1223/new/mase/machop/mase_components/scatter/rtl/scatter_threshold_synthesis.sv] -no_script -reset -force -quiet
remove_files  -fileset scatter_threshold_synthesis /home/aw1223/new/mase/machop/mase_components/scatter/rtl/scatter_threshold_synthesis.sv
export_ip_user_files -of_objects  [get_files /home/aw1223/new/mase/machop/mase_components/scatter/rtl/scatter_threshold_synthesis.sv] -no_script -reset -force -quiet
remove_files  -fileset scatter_threshold_synthesis /home/aw1223/new/mase/machop/mase_components/scatter/rtl/scatter_threshold_synthesis.sv
close_project
create_project scatter_project /home/aw1223/new/mase/machop/mase_components/scatter/scatter_project -part xcu280-fsvh2892-2L-e
set_property board_part xilinx.com:au280:part0:1.1 [current_project]
add_files -norecurse {/home/aw1223/new/mase/machop/mase_components/priority_encoder/rtl/priority_encoder.sv /home/aw1223/new/mase/machop/mase_components/scatter/test/scatter_tb.sv /home/aw1223/new/mase/machop/mase_components/scatter/rtl/array_zero_mask.sv /home/aw1223/new/mase/machop/mase_components/scatter/rtl/scatter_threshold.sv}
update_compile_order -fileset sources_1
update_compile_order -fileset sources_1
launch_simulation
launch_simulation
launch_simulation
source scatter_threshold_tb.tcl
launch_runs synth_1 -jobs 20
