================================================================
== Design Size Report
================================================================

* Instructions per Function for each Compilation Phase
+----------+------------+--------------+---------------+----------------------+---------------+
| Function | Location   | Compile/Link | Unroll/Inline | Performance/Pipeline | Optimizations |
+----------+------------+--------------+---------------+----------------------+---------------+
|   div    | div.cpp:10 | 188          | 27            | 17                   | 44            |
+----------+------------+--------------+---------------+----------------------+---------------+

* Description of Compilation Phases
+----------------------+------------------------------------------------------------+
| Compilation Phase    | Description                                                |
+----------------------+------------------------------------------------------------+
| Compile/Link         | All functions are compiled and linked into a single design |
| Unroll/Inline        | After user unroll and inline pragmas are applied           |
| Performance/Pipeline | After performance and pipeline pragmas are applied         |
| Optimizations        | After high level synthesis optimizations                   |
+----------------------+------------------------------------------------------------+

* Design Size Message Settings
+---------------------------------------------+--------+------------------------------------------------------------------+
| Message Setting                             | Value  | Description                                                      |
+---------------------------------------------+--------+------------------------------------------------------------------+
| config_compile -design_size_maximum_warning | 100000 | Show a warning when total design instructions exceeds this value |
+---------------------------------------------+--------+------------------------------------------------------------------+


